31.03.2023 11:55:34 - Unexpected Error
System.InvalidOperationException: Sequence contains no matching element
   at System.Linq.Enumerable.First[TSource](IEnumerable`1 source, Func`2 predicate)
   at GesimRobotics.CameraOptions.GetCamera(String id)
   at GesimRobotics.ViewModels.StroboscopeSettings.get_Analyzer()
   at GesimRobotics.ViewModels.Dialogs.PiezoSettingsDialog.createCamera(StroboscopeSettings settings)
   at GesimRobotics.ViewModels.Dialogs.PiezoSettingsDialog.ShowDialog()
   at GesimRobotics.ViewModels.Actions.DispenseDrops.showSettings()
   at MS.Internal.Commands.CommandHelpers.CriticalExecuteCommandSource(ICommandSource commandSource, Boolean userInitiated)
   at System.Windows.Controls.Primitives.ButtonBase.OnClick()
   at System.Windows.Controls.Button.OnClick()
   at System.Windows.Controls.Primitives.ButtonBase.OnMouseLeftButtonUp(MouseButtonEventArgs e)
   at System.Windows.RoutedEventArgs.InvokeHandler(Delegate handler, Object target)
   at System.Windows.RoutedEventHandlerInfo.InvokeHandler(Object target, RoutedEventArgs routedEventArgs)
   at System.Windows.EventRoute.InvokeHandlersImpl(Object source, RoutedEventArgs args, Boolean reRaised)
   at System.Windows.UIElement.ReRaiseEventAs(DependencyObject sender, RoutedEventArgs args, RoutedEvent newEvent)
   at System.Windows.UIElement.OnMouseUpThunk(Object sender, MouseButtonEventArgs e)
   at System.Windows.RoutedEventArgs.InvokeHandler(Delegate handler, Object target)
   at System.Windows.RoutedEventHandlerInfo.InvokeHandler(Object target, RoutedEventArgs routedEventArgs)
   at System.Windows.EventRoute.InvokeHandlersImpl(Object source, RoutedEventArgs args, Boolean reRaised)
   at System.Windows.UIElement.RaiseEventImpl(DependencyObject sender, RoutedEventArgs args)
   at System.Windows.UIElement.RaiseTrustedEvent(RoutedEventArgs args)
   at System.Windows.Input.InputManager.ProcessStagingArea()
   at System.Windows.Input.InputManager.ProcessInput(InputEventArgs input)
   at System.Windows.Input.InputProviderSite.ReportInput(InputReport inputReport)
   at System.Windows.Interop.HwndMouseInputProvider.ReportInput(IntPtr hwnd, InputMode mode, Int32 timestamp, RawMouseActions actions, Int32 x, Int32 y, Int32 wheel)
   at System.Windows.Interop.HwndMouseInputProvider.FilterMessage(IntPtr hwnd, WindowMessage msg, IntPtr wParam, IntPtr lParam, Boolean& handled)
   at System.Windows.Interop.HwndSource.InputFilterMessage(IntPtr hwnd, Int32 msg, IntPtr wParam, IntPtr lParam, Boolean& handled)
   at MS.Win32.HwndWrapper.WndProc(IntPtr hwnd, Int32 msg, IntPtr wParam, IntPtr lParam, Boolean& handled)
   at MS.Win32.HwndSubclass.DispatcherCallbackOperation(Object o)
   at System.Windows.Threading.ExceptionWrapper.InternalRealCall(Delegate callback, Object args, Int32 numArgs)
   at System.Windows.Threading.ExceptionWrapper.TryCatchWhen(Object source, Delegate callback, Object args, Int32 numArgs, Delegate catchHandler)
24.04.2023 12:17:49 - Unexpected Error
System.InvalidOperationException: Sequence contains no matching element
   at System.Linq.Enumerable.First[TSource](IEnumerable`1 source, Func`2 predicate)
   at GesimRobotics.CameraOptions.GetCamera(String id)
   at GesimRobotics.ViewModels.StroboscopeSettings.get_Analyzer()
   at GesimRobotics.ViewModels.Dialogs.PiezoSettingsDialog.createCamera(StroboscopeSettings settings)
   at GesimRobotics.ViewModels.Dialogs.PiezoSettingsDialog.ShowDialog()
   at GesimRobotics.ViewModels.Actions.DispenseDrops.showSettings()
   at MS.Internal.Commands.CommandHelpers.CriticalExecuteCommandSource(ICommandSource commandSource, Boolean userInitiated)
   at System.Windows.Controls.Primitives.ButtonBase.OnClick()
   at System.Windows.Controls.Button.OnClick()
   at System.Windows.Controls.Primitives.ButtonBase.OnMouseLeftButtonUp(MouseButtonEventArgs e)
   at System.Windows.RoutedEventArgs.InvokeHandler(Delegate handler, Object target)
   at System.Windows.RoutedEventHandlerInfo.InvokeHandler(Object target, RoutedEventArgs routedEventArgs)
   at System.Windows.EventRoute.InvokeHandlersImpl(Object source, RoutedEventArgs args, Boolean reRaised)
   at System.Windows.UIElement.ReRaiseEventAs(DependencyObject sender, RoutedEventArgs args, RoutedEvent newEvent)
   at System.Windows.UIElement.OnMouseUpThunk(Object sender, MouseButtonEventArgs e)
   at System.Windows.RoutedEventArgs.InvokeHandler(Delegate handler, Object target)
   at System.Windows.RoutedEventHandlerInfo.InvokeHandler(Object target, RoutedEventArgs routedEventArgs)
   at System.Windows.EventRoute.InvokeHandlersImpl(Object source, RoutedEventArgs args, Boolean reRaised)
   at System.Windows.UIElement.RaiseEventImpl(DependencyObject sender, RoutedEventArgs args)
   at System.Windows.UIElement.RaiseTrustedEvent(RoutedEventArgs args)
   at System.Windows.Input.InputManager.ProcessStagingArea()
   at System.Windows.Input.InputManager.ProcessInput(InputEventArgs input)
   at System.Windows.Input.InputProviderSite.ReportInput(InputReport inputReport)
   at System.Windows.Interop.HwndMouseInputProvider.ReportInput(IntPtr hwnd, InputMode mode, Int32 timestamp, RawMouseActions actions, Int32 x, Int32 y, Int32 wheel)
   at System.Windows.Interop.HwndMouseInputProvider.FilterMessage(IntPtr hwnd, WindowMessage msg, IntPtr wParam, IntPtr lParam, Boolean& handled)
   at System.Windows.Interop.HwndSource.InputFilterMessage(IntPtr hwnd, Int32 msg, IntPtr wParam, IntPtr lParam, Boolean& handled)
   at MS.Win32.HwndWrapper.WndProc(IntPtr hwnd, Int32 msg, IntPtr wParam, IntPtr lParam, Boolean& handled)
   at MS.Win32.HwndSubclass.DispatcherCallbackOperation(Object o)
   at System.Windows.Threading.ExceptionWrapper.InternalRealCall(Delegate callback, Object args, Int32 numArgs)
   at System.Windows.Threading.ExceptionWrapper.TryCatchWhen(Object source, Delegate callback, Object args, Int32 numArgs, Delegate catchHandler)
10.08.2023 13:19:25 - Unexpected Error
System.IO.IOException: The process cannot access the file because it is being used by another process.
   at System.IO.__Error.WinIOError(Int32 errorCode, String maybeFullPath)
   at System.IO.File.InternalMove(String sourceFileName, String destFileName, Boolean checkHost)
   at Ionic.Zip.ZipEntry.InternalExtract(String baseDir, Stream outstream, String password)
   at Ionic.Zip.ZipFile._InternalExtractAll(String path, Boolean overrideExtractExistingProperty)
   at GesimRobotics.ViewModels.Pages.InfoPage.import(GsFile file)
   at GesimRobotics.ViewModels.Pages.InfoPage.import()
   at MS.Internal.Commands.CommandHelpers.CriticalExecuteCommandSource(ICommandSource commandSource, Boolean userInitiated)
   at System.Windows.Controls.Primitives.ButtonBase.OnClick()
   at System.Windows.Controls.Button.OnClick()
   at System.Windows.Controls.Primitives.ButtonBase.OnMouseLeftButtonUp(MouseButtonEventArgs e)
   at System.Windows.RoutedEventArgs.InvokeHandler(Delegate handler, Object target)
   at System.Windows.RoutedEventHandlerInfo.InvokeHandler(Object target, RoutedEventArgs routedEventArgs)
   at System.Windows.EventRoute.InvokeHandlersImpl(Object source, RoutedEventArgs args, Boolean reRaised)
   at System.Windows.UIElement.ReRaiseEventAs(DependencyObject sender, RoutedEventArgs args, RoutedEvent newEvent)
   at System.Windows.UIElement.OnMouseUpThunk(Object sender, MouseButtonEventArgs e)
   at System.Windows.RoutedEventArgs.InvokeHandler(Delegate handler, Object target)
   at System.Windows.RoutedEventHandlerInfo.InvokeHandler(Object target, RoutedEventArgs routedEventArgs)
   at System.Windows.EventRoute.InvokeHandlersImpl(Object source, RoutedEventArgs args, Boolean reRaised)
   at System.Windows.UIElement.RaiseEventImpl(DependencyObject sender, RoutedEventArgs args)
   at System.Windows.UIElement.RaiseTrustedEvent(RoutedEventArgs args)
   at System.Windows.Input.InputManager.ProcessStagingArea()
   at System.Windows.Input.InputManager.ProcessInput(InputEventArgs input)
   at System.Windows.Input.InputProviderSite.ReportInput(InputReport inputReport)
   at System.Windows.Interop.HwndMouseInputProvider.ReportInput(IntPtr hwnd, InputMode mode, Int32 timestamp, RawMouseActions actions, Int32 x, Int32 y, Int32 wheel)
   at System.Windows.Interop.HwndMouseInputProvider.FilterMessage(IntPtr hwnd, WindowMessage msg, IntPtr wParam, IntPtr lParam, Boolean& handled)
   at System.Windows.Interop.HwndSource.InputFilterMessage(IntPtr hwnd, Int32 msg, IntPtr wParam, IntPtr lParam, Boolean& handled)
   at MS.Win32.HwndWrapper.WndProc(IntPtr hwnd, Int32 msg, IntPtr wParam, IntPtr lParam, Boolean& handled)
   at MS.Win32.HwndSubclass.DispatcherCallbackOperation(Object o)
   at System.Windows.Threading.ExceptionWrapper.InternalRealCall(Delegate callback, Object args, Int32 numArgs)
   at System.Windows.Threading.ExceptionWrapper.TryCatchWhen(Object source, Delegate callback, Object args, Int32 numArgs, Delegate catchHandler)
30.07.2024 10:36:18 - Unexpected Error
System.Exception: Not connected!
   bei Gesim.GsMachine.UpdateFirmware(Int32 canNode, String fileName)
   bei GesimRobotics.ViewModels.Dialogs.FirmwareUpdateDialog.start()
   bei MS.Internal.Commands.CommandHelpers.CriticalExecuteCommandSource(ICommandSource commandSource, Boolean userInitiated)
   bei System.Windows.Controls.Primitives.ButtonBase.OnClick()
   bei System.Windows.Controls.Button.OnClick()
   bei System.Windows.Controls.Primitives.ButtonBase.OnMouseLeftButtonUp(MouseButtonEventArgs e)
   bei System.Windows.RoutedEventArgs.InvokeHandler(Delegate handler, Object target)
   bei System.Windows.RoutedEventHandlerInfo.InvokeHandler(Object target, RoutedEventArgs routedEventArgs)
   bei System.Windows.EventRoute.InvokeHandlersImpl(Object source, RoutedEventArgs args, Boolean reRaised)
   bei System.Windows.UIElement.ReRaiseEventAs(DependencyObject sender, RoutedEventArgs args, RoutedEvent newEvent)
   bei System.Windows.UIElement.OnMouseUpThunk(Object sender, MouseButtonEventArgs e)
   bei System.Windows.RoutedEventArgs.InvokeHandler(Delegate handler, Object target)
   bei System.Windows.RoutedEventHandlerInfo.InvokeHandler(Object target, RoutedEventArgs routedEventArgs)
   bei System.Windows.EventRoute.InvokeHandlersImpl(Object source, RoutedEventArgs args, Boolean reRaised)
   bei System.Windows.UIElement.RaiseEventImpl(DependencyObject sender, RoutedEventArgs args)
   bei System.Windows.UIElement.RaiseTrustedEvent(RoutedEventArgs args)
   bei System.Windows.Input.InputManager.ProcessStagingArea()
   bei System.Windows.Input.InputManager.ProcessInput(InputEventArgs input)
   bei System.Windows.Input.InputProviderSite.ReportInput(InputReport inputReport)
   bei System.Windows.Interop.HwndMouseInputProvider.ReportInput(IntPtr hwnd, InputMode mode, Int32 timestamp, RawMouseActions actions, Int32 x, Int32 y, Int32 wheel)
   bei System.Windows.Interop.HwndMouseInputProvider.FilterMessage(IntPtr hwnd, WindowMessage msg, IntPtr wParam, IntPtr lParam, Boolean& handled)
   bei System.Windows.Interop.HwndSource.InputFilterMessage(IntPtr hwnd, Int32 msg, IntPtr wParam, IntPtr lParam, Boolean& handled)
   bei MS.Win32.HwndWrapper.WndProc(IntPtr hwnd, Int32 msg, IntPtr wParam, IntPtr lParam, Boolean& handled)
   bei MS.Win32.HwndSubclass.DispatcherCallbackOperation(Object o)
   bei System.Windows.Threading.ExceptionWrapper.InternalRealCall(Delegate callback, Object args, Int32 numArgs)
   bei System.Windows.Threading.ExceptionWrapper.TryCatchWhen(Object source, Delegate callback, Object args, Int32 numArgs, Delegate catchHandler)
08.08.2024 11:54:38 - Unexpected Error
System.IO.IOException: Der Prozess kann nicht auf die Datei zugreifen, da sie bereits von einem anderen Prozess verwendet wird.
   bei System.IO.__Error.WinIOError(Int32 errorCode, String maybeFullPath)
   bei System.IO.File.InternalMove(String sourceFileName, String destFileName, Boolean checkHost)
   bei Ionic.Zip.ZipEntry.InternalExtract(String baseDir, Stream outstream, String password)
   bei Ionic.Zip.ZipFile._InternalExtractAll(String path, Boolean overrideExtractExistingProperty)
   bei GesimRobotics.ViewModels.Pages.InfoPage.import(GsFile file)
   bei GesimRobotics.ViewModels.Pages.InfoPage.import()
   bei MS.Internal.Commands.CommandHelpers.CriticalExecuteCommandSource(ICommandSource commandSource, Boolean userInitiated)
   bei System.Windows.Controls.Primitives.ButtonBase.OnClick()
   bei System.Windows.Controls.Button.OnClick()
   bei System.Windows.Controls.Primitives.ButtonBase.OnMouseLeftButtonUp(MouseButtonEventArgs e)
   bei System.Windows.RoutedEventArgs.InvokeHandler(Delegate handler, Object target)
   bei System.Windows.RoutedEventHandlerInfo.InvokeHandler(Object target, RoutedEventArgs routedEventArgs)
   bei System.Windows.EventRoute.InvokeHandlersImpl(Object source, RoutedEventArgs args, Boolean reRaised)
   bei System.Windows.UIElement.ReRaiseEventAs(DependencyObject sender, RoutedEventArgs args, RoutedEvent newEvent)
   bei System.Windows.UIElement.OnMouseUpThunk(Object sender, MouseButtonEventArgs e)
   bei System.Windows.RoutedEventArgs.InvokeHandler(Delegate handler, Object target)
   bei System.Windows.RoutedEventHandlerInfo.InvokeHandler(Object target, RoutedEventArgs routedEventArgs)
   bei System.Windows.EventRoute.InvokeHandlersImpl(Object source, RoutedEventArgs args, Boolean reRaised)
   bei System.Windows.UIElement.RaiseEventImpl(DependencyObject sender, RoutedEventArgs args)
   bei System.Windows.UIElement.RaiseTrustedEvent(RoutedEventArgs args)
   bei System.Windows.Input.InputManager.ProcessStagingArea()
   bei System.Windows.Input.InputManager.ProcessInput(InputEventArgs input)
   bei System.Windows.Input.InputProviderSite.ReportInput(InputReport inputReport)
   bei System.Windows.Interop.HwndMouseInputProvider.ReportInput(IntPtr hwnd, InputMode mode, Int32 timestamp, RawMouseActions actions, Int32 x, Int32 y, Int32 wheel)
   bei System.Windows.Interop.HwndMouseInputProvider.FilterMessage(IntPtr hwnd, WindowMessage msg, IntPtr wParam, IntPtr lParam, Boolean& handled)
   bei System.Windows.Interop.HwndSource.InputFilterMessage(IntPtr hwnd, Int32 msg, IntPtr wParam, IntPtr lParam, Boolean& handled)
   bei MS.Win32.HwndWrapper.WndProc(IntPtr hwnd, Int32 msg, IntPtr wParam, IntPtr lParam, Boolean& handled)
   bei MS.Win32.HwndSubclass.DispatcherCallbackOperation(Object o)
   bei System.Windows.Threading.ExceptionWrapper.InternalRealCall(Delegate callback, Object args, Int32 numArgs)
   bei System.Windows.Threading.ExceptionWrapper.TryCatchWhen(Object source, Delegate callback, Object args, Int32 numArgs, Delegate catchHandler)
25.10.2024 07:06:04 - Unexpected Error
System.IO.IOException: Die Datei "C:\Program Files\GeSiM\GesimRobotics\data\logs\connection.log.tmp" ist bereits vorhanden.
   bei System.IO.__Error.WinIOError(Int32 errorCode, String maybeFullPath)
   bei System.IO.FileStream.Init(String path, FileMode mode, FileAccess access, Int32 rights, Boolean useRights, FileShare share, Int32 bufferSize, FileOptions options, SECURITY_ATTRIBUTES secAttrs, String msgPath, Boolean bFromProxy, Boolean useLongPath, Boolean checkHost)
   bei System.IO.FileStream..ctor(String path, FileMode mode, FileAccess access, FileShare share, Int32 bufferSize, FileOptions options, String msgPath, Boolean bFromProxy)
   bei System.IO.FileStream..ctor(String path, FileMode mode)
   bei Ionic.Zip.ZipEntry.InternalExtract(String baseDir, Stream outstream, String password)
   bei Ionic.Zip.ZipFile._InternalExtractAll(String path, Boolean overrideExtractExistingProperty)
   bei GesimRobotics.ViewModels.Pages.InfoPage.import(GsFile file)
   bei GesimRobotics.ViewModels.Pages.InfoPage.import()
   bei MS.Internal.Commands.CommandHelpers.CriticalExecuteCommandSource(ICommandSource commandSource, Boolean userInitiated)
   bei System.Windows.Controls.Primitives.ButtonBase.OnClick()
   bei System.Windows.Controls.Button.OnClick()
   bei System.Windows.Controls.Primitives.ButtonBase.OnMouseLeftButtonUp(MouseButtonEventArgs e)
   bei System.Windows.RoutedEventArgs.InvokeHandler(Delegate handler, Object target)
   bei System.Windows.RoutedEventHandlerInfo.InvokeHandler(Object target, RoutedEventArgs routedEventArgs)
   bei System.Windows.EventRoute.InvokeHandlersImpl(Object source, RoutedEventArgs args, Boolean reRaised)
   bei System.Windows.UIElement.ReRaiseEventAs(DependencyObject sender, RoutedEventArgs args, RoutedEvent newEvent)
   bei System.Windows.UIElement.OnMouseUpThunk(Object sender, MouseButtonEventArgs e)
   bei System.Windows.RoutedEventArgs.InvokeHandler(Delegate handler, Object target)
   bei System.Windows.RoutedEventHandlerInfo.InvokeHandler(Object target, RoutedEventArgs routedEventArgs)
   bei System.Windows.EventRoute.InvokeHandlersImpl(Object source, RoutedEventArgs args, Boolean reRaised)
   bei System.Windows.UIElement.RaiseEventImpl(DependencyObject sender, RoutedEventArgs args)
   bei System.Windows.UIElement.RaiseTrustedEvent(RoutedEventArgs args)
   bei System.Windows.Input.InputManager.ProcessStagingArea()
   bei System.Windows.Input.InputManager.ProcessInput(InputEventArgs input)
   bei System.Windows.Input.InputProviderSite.ReportInput(InputReport inputReport)
   bei System.Windows.Interop.HwndMouseInputProvider.ReportInput(IntPtr hwnd, InputMode mode, Int32 timestamp, RawMouseActions actions, Int32 x, Int32 y, Int32 wheel)
   bei System.Windows.Interop.HwndMouseInputProvider.FilterMessage(IntPtr hwnd, WindowMessage msg, IntPtr wParam, IntPtr lParam, Boolean& handled)
   bei System.Windows.Interop.HwndSource.InputFilterMessage(IntPtr hwnd, Int32 msg, IntPtr wParam, IntPtr lParam, Boolean& handled)
   bei MS.Win32.HwndWrapper.WndProc(IntPtr hwnd, Int32 msg, IntPtr wParam, IntPtr lParam, Boolean& handled)
   bei MS.Win32.HwndSubclass.DispatcherCallbackOperation(Object o)
   bei System.Windows.Threading.ExceptionWrapper.InternalRealCall(Delegate callback, Object args, Int32 numArgs)
   bei System.Windows.Threading.ExceptionWrapper.TryCatchWhen(Object source, Delegate callback, Object args, Int32 numArgs, Delegate catchHandler)
22.08.2025 11:14:22 - Unexpected Error
System.NullReferenceException: Der Objektverweis wurde nicht auf eine Objektinstanz festgelegt.
   bei GesimRobotics.ViewModels.Actions.WashTool.Save()
   bei GesimRobotics.ViewModels.Actions.ObjectAction.execute()
   bei MS.Internal.Commands.CommandHelpers.CriticalExecuteCommandSource(ICommandSource commandSource, Boolean userInitiated)
   bei System.Windows.Controls.Primitives.ButtonBase.OnClick()
   bei System.Windows.Controls.Button.OnClick()
   bei System.Windows.Controls.Primitives.ButtonBase.OnMouseLeftButtonUp(MouseButtonEventArgs e)
   bei System.Windows.RoutedEventArgs.InvokeHandler(Delegate handler, Object target)
   bei System.Windows.RoutedEventHandlerInfo.InvokeHandler(Object target, RoutedEventArgs routedEventArgs)
   bei System.Windows.EventRoute.InvokeHandlersImpl(Object source, RoutedEventArgs args, Boolean reRaised)
   bei System.Windows.UIElement.ReRaiseEventAs(DependencyObject sender, RoutedEventArgs args, RoutedEvent newEvent)
   bei System.Windows.UIElement.OnMouseUpThunk(Object sender, MouseButtonEventArgs e)
   bei System.Windows.RoutedEventArgs.InvokeHandler(Delegate handler, Object target)
   bei System.Windows.RoutedEventHandlerInfo.InvokeHandler(Object target, RoutedEventArgs routedEventArgs)
   bei System.Windows.EventRoute.InvokeHandlersImpl(Object source, RoutedEventArgs args, Boolean reRaised)
   bei System.Windows.UIElement.RaiseEventImpl(DependencyObject sender, RoutedEventArgs args)
   bei System.Windows.UIElement.RaiseTrustedEvent(RoutedEventArgs args)
   bei System.Windows.Input.InputManager.ProcessStagingArea()
   bei System.Windows.Input.InputManager.ProcessInput(InputEventArgs input)
   bei System.Windows.Input.InputProviderSite.ReportInput(InputReport inputReport)
   bei System.Windows.Interop.HwndMouseInputProvider.ReportInput(IntPtr hwnd, InputMode mode, Int32 timestamp, RawMouseActions actions, Int32 x, Int32 y, Int32 wheel)
   bei System.Windows.Interop.HwndMouseInputProvider.FilterMessage(IntPtr hwnd, WindowMessage msg, IntPtr wParam, IntPtr lParam, Boolean& handled)
   bei System.Windows.Interop.HwndSource.InputFilterMessage(IntPtr hwnd, Int32 msg, IntPtr wParam, IntPtr lParam, Boolean& handled)
   bei MS.Win32.HwndWrapper.WndProc(IntPtr hwnd, Int32 msg, IntPtr wParam, IntPtr lParam, Boolean& handled)
   bei MS.Win32.HwndSubclass.DispatcherCallbackOperation(Object o)
   bei System.Windows.Threading.ExceptionWrapper.InternalRealCall(Delegate callback, Object args, Int32 numArgs)
   bei System.Windows.Threading.ExceptionWrapper.TryCatchWhen(Object source, Delegate callback, Object args, Int32 numArgs, Delegate catchHandler)
11.03.2026 12:03:01 - Unexpected Error
System.Exception: Not connected!
   bei Gesim.GsMachine.UpdateFirmware(Int32 canNode, String fileName)
   bei GesimRobotics.ViewModels.Dialogs.FirmwareUpdateDialog.start()
   bei MS.Internal.Commands.CommandHelpers.CriticalExecuteCommandSource(ICommandSource commandSource, Boolean userInitiated)
   bei System.Windows.Controls.Primitives.ButtonBase.OnClick()
   bei System.Windows.Controls.Button.OnClick()
   bei System.Windows.Controls.Primitives.ButtonBase.OnMouseLeftButtonUp(MouseButtonEventArgs e)
   bei System.Windows.RoutedEventArgs.InvokeHandler(Delegate handler, Object target)
   bei System.Windows.RoutedEventHandlerInfo.InvokeHandler(Object target, RoutedEventArgs routedEventArgs)
   bei System.Windows.EventRoute.InvokeHandlersImpl(Object source, RoutedEventArgs args, Boolean reRaised)
   bei System.Windows.UIElement.ReRaiseEventAs(DependencyObject sender, RoutedEventArgs args, RoutedEvent newEvent)
   bei System.Windows.UIElement.OnMouseUpThunk(Object sender, MouseButtonEventArgs e)
   bei System.Windows.RoutedEventArgs.InvokeHandler(Delegate handler, Object target)
   bei System.Windows.RoutedEventHandlerInfo.InvokeHandler(Object target, RoutedEventArgs routedEventArgs)
   bei System.Windows.EventRoute.InvokeHandlersImpl(Object source, RoutedEventArgs args, Boolean reRaised)
   bei System.Windows.UIElement.RaiseEventImpl(DependencyObject sender, RoutedEventArgs args)
   bei System.Windows.UIElement.RaiseTrustedEvent(RoutedEventArgs args)
   bei System.Windows.Input.InputManager.ProcessStagingArea()
   bei System.Windows.Input.InputManager.ProcessInput(InputEventArgs input)
   bei System.Windows.Input.InputProviderSite.ReportInput(InputReport inputReport)
   bei System.Windows.Interop.HwndMouseInputProvider.ReportInput(IntPtr hwnd, InputMode mode, Int32 timestamp, RawMouseActions actions, Int32 x, Int32 y, Int32 wheel)
   bei System.Windows.Interop.HwndMouseInputProvider.FilterMessage(IntPtr hwnd, WindowMessage msg, IntPtr wParam, IntPtr lParam, Boolean& handled)
   bei System.Windows.Interop.HwndSource.InputFilterMessage(IntPtr hwnd, Int32 msg, IntPtr wParam, IntPtr lParam, Boolean& handled)
   bei MS.Win32.HwndWrapper.WndProc(IntPtr hwnd, Int32 msg, IntPtr wParam, IntPtr lParam, Boolean& handled)
   bei MS.Win32.HwndSubclass.DispatcherCallbackOperation(Object o)
   bei System.Windows.Threading.ExceptionWrapper.InternalRealCall(Delegate callback, Object args, Int32 numArgs)
   bei System.Windows.Threading.ExceptionWrapper.TryCatchWhen(Object source, Delegate callback, Object args, Int32 numArgs, Delegate catchHandler)
30.03.2026 15:57:00 - Unexpected Error
ImageMagick.MagickResourceLimitErrorException: too many objects `C:\Program Files\GeSiM\GesimRobotics\data\detection\playground\20260330T155659_2dc0_raw.jpg' @ error/vision.c/ConnectedComponentsImage/1088
   bei ImageMagick.NativeInstance.CheckException(IntPtr exception, IntPtr result)
   bei ImageMagick.MagickImage.NativeMagickImage.ConnectedComponents(UIntPtr connectivity, IntPtr& objects)
   bei ImageMagick.MagickImage.ConnectedComponents(IConnectedComponentsSettings settings)
   bei GesimRobotics.Detection.ImageProcessing.GenerateBinaryAdjustedImage(String rawPath, String binaryPath, Marker markerTemplate, Double calibrRotation, Int32 buildRotation)
   bei GesimRobotics.ViewModels.Pages.MarkerPage.applyAndTest()
   bei MS.Internal.Commands.CommandHelpers.CriticalExecuteCommandSource(ICommandSource commandSource, Boolean userInitiated)
   bei System.Windows.Controls.Primitives.ButtonBase.OnClick()
   bei System.Windows.Controls.Button.OnClick()
   bei System.Windows.Controls.Primitives.ButtonBase.OnMouseLeftButtonUp(MouseButtonEventArgs e)
   bei System.Windows.RoutedEventArgs.InvokeHandler(Delegate handler, Object target)
   bei System.Windows.RoutedEventHandlerInfo.InvokeHandler(Object target, RoutedEventArgs routedEventArgs)
   bei System.Windows.EventRoute.InvokeHandlersImpl(Object source, RoutedEventArgs args, Boolean reRaised)
   bei System.Windows.UIElement.ReRaiseEventAs(DependencyObject sender, RoutedEventArgs args, RoutedEvent newEvent)
   bei System.Windows.UIElement.OnMouseUpThunk(Object sender, MouseButtonEventArgs e)
   bei System.Windows.RoutedEventArgs.InvokeHandler(Delegate handler, Object target)
   bei System.Windows.RoutedEventHandlerInfo.InvokeHandler(Object target, RoutedEventArgs routedEventArgs)
   bei System.Windows.EventRoute.InvokeHandlersImpl(Object source, RoutedEventArgs args, Boolean reRaised)
   bei System.Windows.UIElement.RaiseEventImpl(DependencyObject sender, RoutedEventArgs args)
   bei System.Windows.UIElement.RaiseTrustedEvent(RoutedEventArgs args)
   bei System.Windows.Input.InputManager.ProcessStagingArea()
   bei System.Windows.Input.InputManager.ProcessInput(InputEventArgs input)
   bei System.Windows.Input.InputProviderSite.ReportInput(InputReport inputReport)
   bei System.Windows.Interop.HwndMouseInputProvider.ReportInput(IntPtr hwnd, InputMode mode, Int32 timestamp, RawMouseActions actions, Int32 x, Int32 y, Int32 wheel)
   bei System.Windows.Interop.HwndMouseInputProvider.FilterMessage(IntPtr hwnd, WindowMessage msg, IntPtr wParam, IntPtr lParam, Boolean& handled)
   bei System.Windows.Interop.HwndSource.InputFilterMessage(IntPtr hwnd, Int32 msg, IntPtr wParam, IntPtr lParam, Boolean& handled)
   bei MS.Win32.HwndWrapper.WndProc(IntPtr hwnd, Int32 msg, IntPtr wParam, IntPtr lParam, Boolean& handled)
   bei MS.Win32.HwndSubclass.DispatcherCallbackOperation(Object o)
   bei System.Windows.Threading.ExceptionWrapper.InternalRealCall(Delegate callback, Object args, Int32 numArgs)
   bei System.Windows.Threading.ExceptionWrapper.TryCatchWhen(Object source, Delegate callback, Object args, Int32 numArgs, Delegate catchHandler)
30.03.2026 15:57:49 - Unexpected Error
ImageMagick.MagickResourceLimitErrorException: too many objects `C:\Program Files\GeSiM\GesimRobotics\data\detection\playground\20260330T155749_1602_raw.jpg' @ error/vision.c/ConnectedComponentsImage/1088
   bei ImageMagick.NativeInstance.CheckException(IntPtr exception, IntPtr result)
   bei ImageMagick.MagickImage.NativeMagickImage.ConnectedComponents(UIntPtr connectivity, IntPtr& objects)
   bei ImageMagick.MagickImage.ConnectedComponents(IConnectedComponentsSettings settings)
   bei GesimRobotics.Detection.ImageProcessing.GenerateBinaryAdjustedImage(String rawPath, String binaryPath, Marker markerTemplate, Double calibrRotation, Int32 buildRotation)
   bei GesimRobotics.ViewModels.Pages.MarkerPage.applyAndTest()
   bei MS.Internal.Commands.CommandHelpers.CriticalExecuteCommandSource(ICommandSource commandSource, Boolean userInitiated)
   bei System.Windows.Controls.Primitives.ButtonBase.OnClick()
   bei System.Windows.Controls.Button.OnClick()
   bei System.Windows.Controls.Primitives.ButtonBase.OnMouseLeftButtonUp(MouseButtonEventArgs e)
   bei System.Windows.RoutedEventArgs.InvokeHandler(Delegate handler, Object target)
   bei System.Windows.RoutedEventHandlerInfo.InvokeHandler(Object target, RoutedEventArgs routedEventArgs)
   bei System.Windows.EventRoute.InvokeHandlersImpl(Object source, RoutedEventArgs args, Boolean reRaised)
   bei System.Windows.UIElement.ReRaiseEventAs(DependencyObject sender, RoutedEventArgs args, RoutedEvent newEvent)
   bei System.Windows.UIElement.OnMouseUpThunk(Object sender, MouseButtonEventArgs e)
   bei System.Windows.RoutedEventArgs.InvokeHandler(Delegate handler, Object target)
   bei System.Windows.RoutedEventHandlerInfo.InvokeHandler(Object target, RoutedEventArgs routedEventArgs)
   bei System.Windows.EventRoute.InvokeHandlersImpl(Object source, RoutedEventArgs args, Boolean reRaised)
   bei System.Windows.UIElement.RaiseEventImpl(DependencyObject sender, RoutedEventArgs args)
   bei System.Windows.UIElement.RaiseTrustedEvent(RoutedEventArgs args)
   bei System.Windows.Input.InputManager.ProcessStagingArea()
   bei System.Windows.Input.InputManager.ProcessInput(InputEventArgs input)
   bei System.Windows.Input.InputProviderSite.ReportInput(InputReport inputReport)
   bei System.Windows.Interop.HwndMouseInputProvider.ReportInput(IntPtr hwnd, InputMode mode, Int32 timestamp, RawMouseActions actions, Int32 x, Int32 y, Int32 wheel)
   bei System.Windows.Interop.HwndMouseInputProvider.FilterMessage(IntPtr hwnd, WindowMessage msg, IntPtr wParam, IntPtr lParam, Boolean& handled)
   bei System.Windows.Interop.HwndSource.InputFilterMessage(IntPtr hwnd, Int32 msg, IntPtr wParam, IntPtr lParam, Boolean& handled)
   bei MS.Win32.HwndWrapper.WndProc(IntPtr hwnd, Int32 msg, IntPtr wParam, IntPtr lParam, Boolean& handled)
   bei MS.Win32.HwndSubclass.DispatcherCallbackOperation(Object o)
   bei System.Windows.Threading.ExceptionWrapper.InternalRealCall(Delegate callback, Object args, Int32 numArgs)
   bei System.Windows.Threading.ExceptionWrapper.TryCatchWhen(Object source, Delegate callback, Object args, Int32 numArgs, Delegate catchHandler)
31.03.2026 15:51:09 - Unexpected Error
ImageMagick.MagickResourceLimitErrorException: too many objects `C:\Program Files\GeSiM\GesimRobotics\data\detection\playground\20260331T155109_aff6_raw.jpg' @ error/vision.c/ConnectedComponentsImage/1088
   bei ImageMagick.NativeInstance.CheckException(IntPtr exception, IntPtr result)
   bei ImageMagick.MagickImage.NativeMagickImage.ConnectedComponents(UIntPtr connectivity, IntPtr& objects)
   bei ImageMagick.MagickImage.ConnectedComponents(IConnectedComponentsSettings settings)
   bei GesimRobotics.Detection.ImageProcessing.GenerateBinaryAdjustedImage(String rawPath, String binaryPath, Marker markerTemplate, Double calibrRotation, Int32 buildRotation, Boolean buildMirrorHorizontal)
   bei GesimRobotics.ViewModels.Pages.MarkerPage.applyAndTest()
   bei MS.Internal.Commands.CommandHelpers.CriticalExecuteCommandSource(ICommandSource commandSource, Boolean userInitiated)
   bei System.Windows.Controls.Primitives.ButtonBase.OnClick()
   bei System.Windows.Controls.Button.OnClick()
   bei System.Windows.Controls.Primitives.ButtonBase.OnMouseLeftButtonUp(MouseButtonEventArgs e)
   bei System.Windows.RoutedEventArgs.InvokeHandler(Delegate handler, Object target)
   bei System.Windows.RoutedEventHandlerInfo.InvokeHandler(Object target, RoutedEventArgs routedEventArgs)
   bei System.Windows.EventRoute.InvokeHandlersImpl(Object source, RoutedEventArgs args, Boolean reRaised)
   bei System.Windows.UIElement.ReRaiseEventAs(DependencyObject sender, RoutedEventArgs args, RoutedEvent newEvent)
   bei System.Windows.UIElement.OnMouseUpThunk(Object sender, MouseButtonEventArgs e)
   bei System.Windows.RoutedEventArgs.InvokeHandler(Delegate handler, Object target)
   bei System.Windows.RoutedEventHandlerInfo.InvokeHandler(Object target, RoutedEventArgs routedEventArgs)
   bei System.Windows.EventRoute.InvokeHandlersImpl(Object source, RoutedEventArgs args, Boolean reRaised)
   bei System.Windows.UIElement.RaiseEventImpl(DependencyObject sender, RoutedEventArgs args)
   bei System.Windows.UIElement.RaiseTrustedEvent(RoutedEventArgs args)
   bei System.Windows.Input.InputManager.ProcessStagingArea()
   bei System.Windows.Input.InputManager.ProcessInput(InputEventArgs input)
   bei System.Windows.Input.InputProviderSite.ReportInput(InputReport inputReport)
   bei System.Windows.Interop.HwndMouseInputProvider.ReportInput(IntPtr hwnd, InputMode mode, Int32 timestamp, RawMouseActions actions, Int32 x, Int32 y, Int32 wheel)
   bei System.Windows.Interop.HwndMouseInputProvider.FilterMessage(IntPtr hwnd, WindowMessage msg, IntPtr wParam, IntPtr lParam, Boolean& handled)
   bei System.Windows.Interop.HwndSource.InputFilterMessage(IntPtr hwnd, Int32 msg, IntPtr wParam, IntPtr lParam, Boolean& handled)
   bei MS.Win32.HwndWrapper.WndProc(IntPtr hwnd, Int32 msg, IntPtr wParam, IntPtr lParam, Boolean& handled)
   bei MS.Win32.HwndSubclass.DispatcherCallbackOperation(Object o)
   bei System.Windows.Threading.ExceptionWrapper.InternalRealCall(Delegate callback, Object args, Int32 numArgs)
   bei System.Windows.Threading.ExceptionWrapper.TryCatchWhen(Object source, Delegate callback, Object args, Int32 numArgs, Delegate catchHandler)
08.04.2026 09:09:52 - Unexpected Error
System.NullReferenceException: Der Objektverweis wurde nicht auf eine Objektinstanz festgelegt.
   bei GesimRobotics.ViewModels.Dialogs.BlockStartDialog.RenameVar(NetworkViewModel network, String from, String to)
   bei GesimRobotics.ViewModels.Dialogs.BlockStartDialog.SaveEdit()
   bei MS.Internal.Commands.CommandHelpers.CriticalExecuteCommandSource(ICommandSource commandSource, Boolean userInitiated)
   bei System.Windows.Controls.Primitives.ButtonBase.OnClick()
   bei System.Windows.Controls.Button.OnClick()
   bei System.Windows.Controls.Primitives.ButtonBase.OnMouseLeftButtonUp(MouseButtonEventArgs e)
   bei System.Windows.RoutedEventArgs.InvokeHandler(Delegate handler, Object target)
   bei System.Windows.RoutedEventHandlerInfo.InvokeHandler(Object target, RoutedEventArgs routedEventArgs)
   bei System.Windows.EventRoute.InvokeHandlersImpl(Object source, RoutedEventArgs args, Boolean reRaised)
   bei System.Windows.UIElement.ReRaiseEventAs(DependencyObject sender, RoutedEventArgs args, RoutedEvent newEvent)
   bei System.Windows.UIElement.OnMouseUpThunk(Object sender, MouseButtonEventArgs e)
   bei System.Windows.RoutedEventArgs.InvokeHandler(Delegate handler, Object target)
   bei System.Windows.RoutedEventHandlerInfo.InvokeHandler(Object target, RoutedEventArgs routedEventArgs)
   bei System.Windows.EventRoute.InvokeHandlersImpl(Object source, RoutedEventArgs args, Boolean reRaised)
   bei System.Windows.UIElement.RaiseEventImpl(DependencyObject sender, RoutedEventArgs args)
   bei System.Windows.UIElement.RaiseTrustedEvent(RoutedEventArgs args)
   bei System.Windows.Input.InputManager.ProcessStagingArea()
   bei System.Windows.Input.InputManager.ProcessInput(InputEventArgs input)
   bei System.Windows.Input.InputProviderSite.ReportInput(InputReport inputReport)
   bei System.Windows.Interop.HwndMouseInputProvider.ReportInput(IntPtr hwnd, InputMode mode, Int32 timestamp, RawMouseActions actions, Int32 x, Int32 y, Int32 wheel)
   bei System.Windows.Interop.HwndMouseInputProvider.FilterMessage(IntPtr hwnd, WindowMessage msg, IntPtr wParam, IntPtr lParam, Boolean& handled)
   bei System.Windows.Interop.HwndSource.InputFilterMessage(IntPtr hwnd, Int32 msg, IntPtr wParam, IntPtr lParam, Boolean& handled)
   bei MS.Win32.HwndWrapper.WndProc(IntPtr hwnd, Int32 msg, IntPtr wParam, IntPtr lParam, Boolean& handled)
   bei MS.Win32.HwndSubclass.DispatcherCallbackOperation(Object o)
   bei System.Windows.Threading.ExceptionWrapper.InternalRealCall(Delegate callback, Object args, Int32 numArgs)
   bei System.Windows.Threading.ExceptionWrapper.TryCatchWhen(Object source, Delegate callback, Object args, Int32 numArgs, Delegate catchHandler)
12.05.2026 14:54:34 - Unexpected Error
Gesim.MissingTemplateException: ZSensor: Template: TemplateId="3c8f331f-4230-453d-9e75-b4e49ebe5bee" not exists
   bei Gesim.GsObjectDirectory.getGsObjectFromXElement(XElement xElement)
   bei Gesim.GsObjectDirectory.getGsObjectFromXElement(XElement xElement)
   bei GesimRobotics.ViewModels.Objects.DisplayObject.<get_ReplaceWithCustomObject>b__190_0(SavedObjectInfo o)
   bei GesimRobotics.RelayCommand`1.Execute(Object parameter)
   bei MS.Internal.Commands.CommandHelpers.CriticalExecuteCommandSource(ICommandSource commandSource, Boolean userInitiated)
   bei System.Windows.Controls.MenuItem.InvokeClickAfterRender(Object arg)
   bei System.Windows.Threading.ExceptionWrapper.InternalRealCall(Delegate callback, Object args, Int32 numArgs)
   bei System.Windows.Threading.ExceptionWrapper.TryCatchWhen(Object source, Delegate callback, Object args, Int32 numArgs, Delegate catchHandler)
12.05.2026 15:38:23 - Unexpected Error
Gesim.MissingTemplateException: ZSensor: Template: TemplateId="3c8f331f-4230-453d-9e75-b4e49ebe5bee" not exists
   bei Gesim.GsObjectDirectory.getGsObjectFromXElement(XElement xElement)
   bei Gesim.GsObjectDirectory.getGsObjectFromXElement(XElement xElement)
   bei GesimRobotics.ViewModels.Objects.DisplayObject.<get_AddCustomObject>b__184_0(SavedObjectInfo o)
   bei GesimRobotics.RelayCommand`1.Execute(Object parameter)
   bei MS.Internal.Commands.CommandHelpers.CriticalExecuteCommandSource(ICommandSource commandSource, Boolean userInitiated)
   bei System.Windows.Controls.MenuItem.InvokeClickAfterRender(Object arg)
   bei System.Windows.Threading.ExceptionWrapper.InternalRealCall(Delegate callback, Object args, Int32 numArgs)
   bei System.Windows.Threading.ExceptionWrapper.TryCatchWhen(Object source, Delegate callback, Object args, Int32 numArgs, Delegate catchHandler)
